// Jest Snapshot v1, https://goo.gl/fbAQLP

exports[`renders 1`] = `
<DocumentFragment>
  <header>
    <h2
      class="hello"
      data-testid="h1tag"
    >
      Hello!
    </h2>
  </header>
</DocumentFragment>
`;
